// Jest Snapshot v1, https://goo.gl/fbAQLP

exports[`Procedures Dashboard Panel renders procedures dashboard panel 1`] = `
<ProceduresDashboardPanel
  store={
    Object {
      "clearActions": [Function],
      "dispatch": [Function],
      "getActions": [Function],
      "getState": [Function],
      "replaceReducer": [Function],
      "subscribe": [Function],
    }
  }
>
  <li
    className="__card govuk-grid-column-one-third"
    id="proceduresPanel"
    style={
      Object {
        "marginBottom": "30px",
      }
    }
  >
    <a
      className="card__body"
      href="#"
      id="proceduresPageLink"
      onClick={[Function]}
    >
      <span
        className="govuk-!-font-size-36 govuk-!-font-weight-bold"
      >
        Procedures
      </span>
    </a>
    <div
      className="card__footer"
    >
      <span
        className="govuk-!-font-size-19"
      >
        Start a procedure
      </span>
    </div>
  </li>
</ProceduresDashboardPanel>
`;
