// Jest Snapshot v1, https://goo.gl/fbAQLP

exports[`TaskForm Component matches snapshot 1`] = `
<Form
  form={
    Object {
      "access": Array [
        Object {
          "roles": Array [
            "XXXX",
            "XXXX",
            "XXXXX",
          ],
          "type": "read_all",
        },
      ],
      "components": Array [
        Object {
          "autofocus": false,
          "clearOnHide": true,
          "conditional": Object {
            "eq": "",
            "show": "",
            "when": null,
          },
          "defaultValue": "",
          "hidden": false,
          "id": "id",
          "input": true,
          "inputMask": "",
          "inputType": "text",
          "key": "text",
          "label": "Text",
          "labelPosition": "top",
          "multiple": false,
          "persistent": true,
          "placeholder": "",
          "prefix": "",
          "properties": Object {},
          "protected": false,
          "spellcheck": true,
          "suffix": "",
          "tableView": true,
          "tags": Array [],
          "type": "textfield",
          "unique": false,
          "validate": Object {
            "custom": "",
            "customPrivate": false,
            "maxLength": "",
            "minLength": "",
            "pattern": "",
            "required": false,
          },
        },
        Object {
          "action": "event",
          "autofocus": false,
          "block": false,
          "conditional": Object {
            "eq": "",
            "show": "",
            "when": null,
          },
          "disableOnInvalid": false,
          "event": "cancel-operation",
          "id": "canceloperation",
          "input": true,
          "key": "canceloperation",
          "label": "Cancel operation",
          "leftIcon": "",
          "properties": Object {
            "success-message": "Operation successfully cancelled",
          },
          "rightIcon": "",
          "size": "md",
          "tableView": false,
          "tags": Array [],
          "theme": "primary",
          "type": "button",
        },
      ],
      "created": "2019-02-01T07:13:35.002Z",
      "display": "form",
      "id": "XXXXX",
      "machineName": "customButtonEvent",
      "modified": "2019-02-01T07:13:35.069Z",
      "name": "customButtonEvent",
      "owner": "XXXXX",
      "path": "custombuttonevent",
      "submissionAccess": Array [
        Object {
          "roles": Array [
            "5b0fa1b2769993003d6fba6f",
          ],
          "type": "create_own",
        },
        Object {
          "roles": Array [
            "XXXXX",
          ],
          "type": "read_own",
        },
        Object {
          "roles": Array [
            "XXXX",
          ],
          "type": "update_own",
        },
        Object {
          "roles": Array [
            "XXXXX",
          ],
          "type": "delete_own",
        },
      ],
      "tags": Array [
        "common",
      ],
      "title": "Custom Button Event",
      "type": "form",
    }
  }
  onChange={[Function]}
  onCustomEvent={[Function]}
  onSubmit={[Function]}
  options={
    Object {
      "fileService": FileService {
        "keycloak": Object {
          "realm": "cop-test",
          "subject": "d3eb0456-1b82-4c64-a987-7201d9ce9312",
          "token": "token",
          "tokenParsed": Object {
            "email": "yesy",
            "family_name": "test",
            "given_name": "name",
            "groups": Array [
              "/group/one",
              "/group/two",
            ],
            "realm_access": Object {
              "roles": Array [
                "role",
              ],
            },
            "session_state": "state",
          },
          "url": "http://localhost",
        },
      },
      "hooks": Object {
        "beforeCancel": [Function],
        "beforeSubmit": [Function],
      },
      "i18n": Object {
        "en": Object {
          "submit": "Submit",
        },
      },
      "noAlerts": true,
      "readOnly": true,
    }
  }
  submission={
    Object {
      "data": Object {
        "environmentContext": Object {
          "attachmentServiceUrl": undefined,
          "operationalDataUrl": undefined,
          "privateUiUrl": "http://localhost",
          "referenceDataUrl": undefined,
          "workflowUrl": undefined,
        },
        "extendedStaffDetailsContext": "",
        "keycloakContext": Object {
          "accessToken": "token",
          "email": "yesy",
          "familyName": "test",
          "givenName": "name",
          "groups": Array [
            "/group/one",
            "/group/two",
          ],
          "realm": "cop-test",
          "refreshToken": undefined,
          "roles": Array [
            "role",
          ],
          "sessionId": "state",
          "subject": "d3eb0456-1b82-4c64-a987-7201d9ce9312",
          "url": undefined,
        },
        "processContext": Object {},
        "shiftDetailsContext": "",
        "staffDetailsDataContext": "",
        "taskContext": Object {
          "assignee": null,
          "name": "testTask",
        },
      },
    }
  }
/>
`;
