// Jest Snapshot v1, https://goo.gl/fbAQLP

exports[`Report Page matches snapshot 1`] = `
<Redirect
  to="/reports"
/>
`;
