// Jest Snapshot v1, https://goo.gl/fbAQLP

exports[`NotFound page matches snapshot 1`] = `
<div>
  <h4
    className="govuk-heading-s"
  >
    Form
     with identifier 
     was not found
  </h4>
</div>
`;
