// Jest Snapshot v1, https://goo.gl/fbAQLP

exports[`UnsupportedPage page matches snapshot 1`] = `
<div
  aria-labelledby="error-summary-title"
  className="govuk-error-summary"
  data-module="error-summary"
  role="alert"
  style={
    Object {
      "marginTop": "20px",
    }
  }
  tabIndex="-1"
>
  <h2
    className="govuk-error-summary__title"
    id="error-summary-title"
  >
    Sorry, your browser is not supported
  </h2>
  <div
    className="govuk-error-summary__body"
  >
    <p>
      Please use one of the
       
      <a
        href="https://doc.dev.cop.homeoffice.gov.uk/service.html#operational-support-model"
        rel="noopener noreferrer"
        target="_blank"
      >
        supported browsers
      </a>
      .
    </p>
    <p>
      Contact the
       
      <a
        href="https://support.cop.homeoffice.gov.uk/servicedesk/customer/portal/3/"
      >
        COP Service Support Desk
      </a>
       
      if you have any questions.
    </p>
    <h3
      className="govuk-heading-s"
    >
      Support hours
    </h3>
    <p>
      Monday to Friday: 8am to 6pm 
    </p>
  </div>
</div>
`;
